// Jest Snapshot v1, https://goo.gl/fbAQLP

exports[`DialogProject Integration Tests opens the dialog and submits the form 1`] = `[Function]`;
